arfesta@fairfax:/media/sg3/ptaeda/bowtie$ for file in /media/seagate/LGEP/filttrim_rep2/*.fq.gz; do /home/ross/software/bowtie2-2.2.1/bowtie2 -p 22 -x v101.scaff -U "$file" -S "${file%}rep2.sam" ; done

#The code above executes the following command:
for every file in the filttrim_rep2 directory
do the bowtie2 command(pointing to the directory of the program)
-p 22 : utilize 22 cpu cores for multithreading
-x v101.scaff: the input index file basename is v101.scaff
-U "$file" :  the specified fq.gz read count file to align is the input file
-S "" : returns sam format and specifying unique filename for each file in directory
#The code returns sam files into the filtrep directory where the files are being indexed #from.  At this time the total available harddrive space for seagate was 22%, so I moved #the files to the /media/sg3/ptaeda/bowtie/rep2samfiles folder.
#After file transfer was complete, I re-ran the loop above for rep3 and rep1 following #the same steps as above.


for file in *.sam; do samtools view -b -S -o /media/seagate/LGEP/Sequencing/filt.trim_rep1/$file.bam $file  ; done

after all .sam files were converted to bam files they were put in the bowtie directory and the folder names were changed from rep1samfiles to rep1bamfiles

cd /media/sg3/ptaeda/rep1bamfiles
for file in *.bam; do samtools sort -T align.sorted/$file -m 3G -@6 -o $file.sort.bam $file ; done

once all bam files are sorted - they are smaller than original bams because sorting helps combine similar sequences and reduces file size compression
now we can add read groups to each of the files and try samtools merge to see if read groups are kept

merge first:

samtools merge -@6 100n.bam /media/sg3/ptaeda/bowtie/rep1bamfiles/100n.fq.gzrep1.sam.bam.sort.bam /media/sg3/ptaeda/bowtie/rep2bamfiles/100n.fq.gzrep2.sam.bam.sort.bam /media/sg3/ptaeda/bowtie/rep3bamfiles/100n.fq.gzrep3.sam.bam.sort.bam

##Samtools merge took forever, so downloaded Picard package and used GatherBamFiles funcction
##~ This took around 30 minutes
arfesta@fairfax:~/Downloads/picard-tools-2.0.1$ java -jar picard.jar GatherBamFiles I=/media/sg3/ptaeda/bowtie/rep1bamfiles/2q.fq.gzrep1.sam.bam.sort.bam I=/media/sg3/ptaeda/bowtie/rep2bamfiles/2q.fq.gzrep2.sam.bam.sort.bam I=/media/sg3/ptaeda/bowtie/rep3bamfiles/2q.fq.gzrep3.sam.bam.sort.bam   O=/media/seagate/LGEP/Sequencing/bamfiles/2q.bam

##for each of the 144 files change for each biological rep and run the script
java8 -jar picard.jar GatherBamFiles I=/media/sg3/ptaeda/bowtie/rep1bamfiles/10p.fq.gzrep1.sam.bam.sort.bam I=/media/sg3/ptaeda/bowtie/rep2bamfiles/10p.fq.gzrep2.sam.bam.sort.bam I=/media/sg3/ptaeda/bowtie/rep3bamfiles/10p.fq.gzrep3.sam.bam.sort.bam   O=/media/seagate/LGEP/Sequencing/bamfiles/10p.bam

#4 java runs at one time is close to max without slowing up too much
#Made 4 lists of samples left and then put those lists in picard-tools-2.0.1 folder
##Then ran this for each of the lists
while read file; do java -jar picard.jar GatherBamFiles I=/media/sg3/ptaeda/bowtie/rep1bamfiles/$file.fq.gzrep1.sam.bam.sort.bam I=/media/sg3/ptaeda/bowtie/rep2bamfiles/$file.fq.gzrep2.sam.bam.sort.bam I=/media/sg3/ptaeda/bowtie/rep3bamfiles/$file.fq.gzrep3.sam.bam.sort.bam   O=/media/seagate/LGEP/Sequencing/bamfiles/$file.bam; done < 4th.33.list

##Once these are down we can now add read groups to all bam files
#One takes about 10 minutes
arfesta@fairfax:/media/seagate/LGEP/Sequencing/bamfiles$ while read file; do /home/ross/software/bamaddrg/bamaddrg -b ${file}.bam -s $file > w.rg/${file}.bam; done < samp1.list

while read file; do /home/ross/software/bamaddrg/bamaddrg -b ${file}.bam -s $file > w.rg/${file}.bam; done < samp11.list



###Now we can merge all 144 biological reps into 1 bam file and use freebayes##This should take around 17 hours - started at 4:52pm
##From picard directory in downloads folder run the following command
java8 -jar /picard.jar GatherBamFiles I=/media/sg3/LGEP/bam.files.aligned.to.v101.scaff/w.rg/ordered.sample.list O=/media/sg3/LGEP/bam.files.aligned.to.v101.scaff/w.rg/144.bam


###run freebayes
/media/seagate/LGEP/Sequencing/bamfiles/w.rg$ freebayes  -Z -u -L ordered.sample.list -f /media/seagate/LGEP/Sequencing/v101.scaffolds.fa -v 144.scaffold.vcf

This failed due to memory usage


#################ALIGNING TO 86K transcriptome
#First step is to build index of Pita86k transcriptome
arfesta@fairfax:/media/seagate/LGEP/Sequencing$ /home/ross/software/bowtie2-2.2.1/bowtie2-build -f Pita.86ktxptome.fa Pita.86ktxptome

###Now use bowtie to align to transcriptome to create SAM files
arfesta@fairfax:/media/sg3/ptaeda/bowtie$ for file in /media/seagate/LGEP/Sequencing/filt.trim_rep1/*.fq.gz; do /home/ross/software/bowtie2-2.2.1/bowtie2 -p 22 -x Pita.86ktxptome -U $file -S $file.rep1.sam ; done

arfesta@fairfax:/media/seagate/LGEP/Sequencing$while read file; do /home/ross/software/bowtie2-2.2.1/bowtie2 -p 22 -x Pita.86ktxptome -U filt.trim_rep1/$file -S filt.trim_rep1/$file.rep1.sam ; done < /media/seagate/LGEP/Sequencing/filt.trim_rep1/redos.txt

arfesta@fairfax:/media/sg3/ptaeda/bowtie$ while read file; do /home/ross/software/bowtie2-2.2.1/bowtie2 -p 6 -x Pita.86ktxptome -U /media/seagate/LGEP/Sequencing/filt.trim_rep2/$file -S 86k.LGEP/rep2samfiles/$file.rep2.sam ; done < /media/seagate2/LGEP/LGEP.samfiles/filt.trim_rep2/redo/rep2.redo.txt

arfesta@fairfax:/media/sg3/ptaeda/bowtie$ while read file; do /home/ross/software/bowtie2-2.2.1/bowtie2 -p 6 -x Pita.86ktxptome -U /media/seagate/LGEP/Sequencing/filt.trim_rep3/$file -S 86k.LGEP/rep3samfiles/$file.rep3.sam ; done < /media/seagate/LGEP/Sequencing/filt.trim_rep3/rep3.txt

for file in *.sam; do samtools view -b -S -o /media/seagate/LGEP/Sequencing/filt.trim_rep2/$file.bam $file  ; done

rfesta@fairfax:/media/sg3/ptaeda/bowtie$ for file in /media/seagate2/LGEP/E.W.lane.tarfiles/filt.trim.rep1/*.fq.gz; do /home/ross/software/bowtie2-2.2.1/bowtie2 -p 6 -x Pita.86ktxptome -U $file | \samtools view -Sb - -o $file.rep1.bam ; done

rfesta@fairfax:/media/sg3/ptaeda/bowtie$ for file in /media/seagate2/LGEP/E.W.lane.tarfiles/filt.trim.rep2/*.fq.gz; do /home/ross/software/bowtie2-2.2.1/bowtie2 -p 6 -x Pita.86ktxptome -U $file | \samtools view -Sb - -o $file.rep2.bam ; done

for file in /media/seagate2/LGEP/E.W.lane.tarfiles/filt.trim.rep3/*.fq.gz; do /home/ross/software/bowtie2-2.2.1/bowtie2 -p 6 -x Pita.86ktxptome -U $file | \samtools view -Sb - -o $file.rep3.bam ; done

#for all new ones in rep3.txt do the following
while read file; do /home/ross/software/bowtie2-2.2.1/bowtie2 -p 6 -x Pita.86ktxptome -U /media/seagate/LGEP/Sequencing/filt.trim_rep3/$file |\samtools view -Sb - -o 86k.LGEP/rep3bamfiles/$file.rep3.bam ; done < /media/seagate/LGEP/Sequencing/filt.trim_rep3/rep3.txt

#for ones already sam files in rep3 do the following
for file in *.sam; do samtools view -b -S -o /media/sg3/ptaeda/bowtie/86k.LGEP/rep3bamfiles/$file.bam $file  ; done


#for new ones in rep2.redo.txt
arfesta@fairfax:/media/sg3/ptaeda/bowtie$ while read file; do /home/ross/software/bowtie2-2.2.1/bowtie2 -p 6 -x Pita.86ktxptome -U /media/seagate/LGEP/Sequencing/filt.trim_rep2/$file |\samtools view -Sb - -o 86k.LGEP/rep2bamfiles/$file.rep2.bam ;  done < /media/seagate2/LGEP/LGEP.samfiles/filt.trim_rep2/redo/rep2.redo.txt


##########
BAM files from each rep of LGEP are in /media/sg3/86k.LGEP
filtered and trimmed reads for each rep of LGEP are in /media/seagate/LGEP/Sequencing

BAM files from each rep of EW diallele are in /media/seagate2/LGEP/E.W.lane.tarfiles
filtered and trimmed reads for each rep of E.W. are in /media/seagate/East.West

#######################################################################################################
#######################################################################################################
########## LGEP PROCESSING #######################################################################################################
#######################################################################################################
cd /media/sg3/86k.LGEP/rep1bamfiles
arfesta@fairfax:/media/sg3/LGEP/86k.LGEP/rep1bamfiles$for file in *.bam; do samtools sort -T align.sorted/$file -m 3G -@6 -o $file.sort.bam $file ; done

cd /media/sg3/86k.LGEP/rep2bamfiles
arfesta@fairfax:/media/sg3/LGEP/86k.LGEP/rep2bamfiles$for file in *.bam; do samtools sort -T align.sorted/$file -m 3G -@6 -o $file.sort.bam $file ; done

cd /media/sg3/86k.LGEP/rep3bamfiles
arfesta@fairfax:/media/sg3/LGEP/86k.LGEP/rep3bamfiles$for file in *.bam; do samtools sort -T align.sorted/$file -m 3G -@6 -o $file.sort.bam $file ; done

##now that all bam files are sorted they can be merged
#Made 4 lists of samples left and then put those lists in picard-tools-2.0.1 folder
##Then ran this for each of the lists
while read file; do java8 -jar picard.jar GatherBamFiles I=/media/sg3/LGEP/86k.LGEP/rep1bamfiles/$file.fq.gz.rep1.bam.sort.bam I=/media/sg3/LGEP/86k.LGEP/rep2bamfiles/$file.fq.gz.rep2.bam.sort.bam I=/media/sg3/LGEP/86k.LGEP/rep3bamfiles/$file.fq.gz.rep3.bam.sort.bam   O=/media/sg3/LGEP/86k.LGEP/combined.bam/$file.bam; done < /media/sg3/LGEP/86k.LGEP/rep1bamfiles/samples.1.txt

while read file; do java8 -jar picard.jar GatherBamFiles I=/media/sg3/East.West/86k.EW/bamfilesrep1/$file.fq.gz.rep1.bam.sort.bam I=/media/sg3/East.West/86k.EW/bamfilesrep2/$file.fq.gz.rep2.bam.sort.bam I=/media/sg3/East.West/86k.EW/bamfilesrep1/$file.fq.gz.rep3.bam.sort.bam   |  \/home/ross/software/bamaddrg/bamaddrg -b - -s $file | \ /home/arfesta/Downloads/samtools-0.1.19/samtools rmdup -s - /media/sg3/East.West/86k.EW/combined.bam/w.rg/$file.rm.bam; done < /media/sg3/East.West/86k.EW/combined.bam/stilldo/samples.list


arfesta@fairfax:/media/sg3/ptaeda/bowtie$ while read file; do /home/ross/software/bowtie2-2.2.1/bowtie2 -p 6 -x Pita.86ktxptome -U /media/seagate/LGEP/Sequencing/filt.trim_rep2/$file |\samtools view -Sb - -o 86k.LGEP/rep2bamfiles/$file.rep2.bam ;  done < /media/seagate2/LGEP/LGEP.samfiles/filt.trim_rep2/redo/rep2.redo.txt

##Once these are down we can now add read groups to all bam files
#One takes about 10 minutes
arfesta@fairfax:/media/sg3/LGEP/86k.LGEP/combined.bam$ while read file; do /home/ross/software/bamaddrg/bamaddrg -b /media/sg3/LGEP/86k.LGEP/combined.bam/${file}.bam -s $file > w.rg/${file}.bam; done < samp1.list

arfesta@fairfax:~/Downloads/samtools-0.1.19$while read file; do /home/arfesta/Downloads/samtools-0.1.19/samtools rmdup -s /media/sg3/LGEP/86k.LGEP/combined.bam/w.rg/$file /media/sg3/LGEP/86k.LGEP/combined.bam/w.rg/$file.rm.bam; done < /media/sg3/LGEP/86k.LGEP/combined.bam/w.rg/samp1.list 

/home/ross/software/samtools-1.3/samtools merge -b combined.bam/w.rg/samples.list -@24 144.86k.bam
/home/ross/software/samtools-1.3/samtools sort -o 144.86k.sort.bam -T align.sorted -m 5G -@ 24 144.86k.bam
/home/ross/software/samtools-1.3/samtools index 144.86k.sort.bam

alias freebayes-parallel=/home/ross/software/freebayes/scripts/freebayes-parallel
alias fasta_generate_regions.py=/home/ross/software/freebayes/scripts/fasta_generate_regions.py
export PATH=$PATH:/home/ross/software/freebayes/vcflib/bin

#The Below worked and created 19.8GB file
freebayes-parallel <(fasta_generate_regions.py /media/sg3/ptaeda/bowtie/Pita.86ktxptome.fa.fai 100000) 24 -iXu -f /media/sg3/ptaeda/bowtie/Pita.86ktxptome.fa 144.86k.sort.bam > 144.86k.nop.vcf

#/home/ross/software/samtools-1.3/samtools merge -b test.list test.bam
#/home/ross/software/samtools-1.3/samtools sort -o test.sort.bam -T align.sorted -@ 22 test.bam
#/home/ross/software/samtools-1.3/samtools index test.sort.bam
#freebayes-parallel <(fasta_generate_regions.py /media/sg3/ptaeda/bowtie/Pita.86ktxptome.fa.fai 10000) 22 -iXu -f /media/sg3/#ptaeda/bowtie/Pita.86ktxptome.fa test.sort.bam > 144.86k.vcf


freebayes -iXu -f /media/seagate/LGEP/Sequencing/Pita.86ktxptome.fa -v 144.86k.vcf  -b 144.86k.bam

error for no index
tried to create index got error NO_COOR reads not in a sinble block at the end 
lets try sorting bam file
###This takes 1.5 hours and 158GB for 144.86k.bam (which has duplicates removed and is 132 GB)
samtools sort -f -m 3G -@22 -o 144.86k.bam sort.prefix
freebayes-parallel <(fasta_generate_regions.py /media/sg3/ptaeda/bowtie/Pita.86ktxptome.fa.fai 10000) 22 -iXu -f /media/sg3/ptaeda/bowtie/Pita.86ktxptome.fa 144.sort.bam > /media/seagate2/LGEP/144.86k.vcf

changed all filenames to incldue rmdup

#######################################################################################################
#######################################################################################################
###################################################################
##########EAST WEST PROCCESSING####################################
####################################################################
cd /media/seagate2/LGEP/E.W.lane.tarfiles/bamfiles.rep1
for file in *.bam; do samtools sort -T align.sorted/$file -m 3G -@3 -o /media/sg3/East.West/86k.EW/bamfilesrep1/$file.sort.bam $file; done

cd /media/seagate2/LGEP/E.W.lane.tarfiles/bamfiles.rep2
for file in *.bam; do samtools sort -T align.sorted/$file -m 3G -@3 -o /media/sg3/East.West/86k.EW/bamfilesrep2/$file.sort.bam $file; done

cd /media/seagate2/LGEP/E.W.lane.tarfiles/bamfiles.rep3
for file in *.bam; do samtools sort -T align.sorted/$file -m 3G -@3 -o /media/sg3/East.West/86k.EW/bamfilesrep3/$file.sort.bam $file; done

##now that all bam files are sorted they can be merged
#Made 4 lists of samples left and then put those lists in picard-tools-2.0.1 folder
##Then ran this for each of the lists
while read file; do java8 -jar picard.jar GatherBamFiles I=/media/sg3/East.West/86k.EW/bamfilesrep1/$file.bam.fq.gz.rep1.bam.sort.bam I=/media/sg3/East.West/86k.EW/bamfilesrep2/$file.bam.fq.gz.rep2.bam.sort.bam I=/media/sg3/East.West/86k.EW/bamfilesrep3/$file.bam.fq.gz.rep3.bam.sort.bam   O=/media/sg3/East.West/86k.EW/combined.bam/$file.bam; done < /media/sg3/East.West/86k.EW/combined.bam/stilldo/samples.list 

while read file; do /home/ross/software/bamaddrg/bamaddrg -b /media/sg3/LGEP/86k.LGEP/combined.bam/${file}.bam -s $file > w.rg/${file}.bam; done < samp1.list

while read file; do /home/arfesta/Downloads/samtools-0.1.19/samtools rmdup -s /media/sg3/East.West/86k.EW/combined.bam/w.rg/$file.bam /media/sg3/East.West/86k.EW/combined.bam/w.rg/$file.rm.bam; done < /media/sg3/East.West/86k.EW/combined.bam/samples.list

/home/ross/software/samtools-1.3/samtools merge -b samples.list -@ 24 96.86k.bam
/home/ross/software/samtools-1.3/samtools sort -o 96.86k.sort.bam -T align.sorted -m 5G -@ 24 96.86k.bam
/home/ross/software/samtools-1.3/samtools index 96.86k.sort.bam


alias freebayes-parallel=/home/ross/software/freebayes/scripts/freebayes-parallel
alias fasta_generate_regions.py=/home/ross/software/freebayes/scripts/fasta_generate_regions.py
export PATH=$PATH:/home/ross/software/freebayes/vcflib/bin

#The Below worked and created 19.8GB file
freebayes-parallel <(fasta_generate_regions.py /media/sg3/ptaeda/bowtie/Pita.86ktxptome.fa.fai 100000) 24 -iXu -f /media/sg3/ptaeda/bowtie/Pita.86ktxptome.fa 96.86k.sort.bam > 96.86k.nop.vcf

CHANGED ALL FILES NAMES TO 96.86k.rmdup.nop.vcf


##########################################################################################################################
##########################################################################################################################
##########################################################################################################################

home/ross/software/samtools-1.3/samtools sort -o 756.86k.sort.bam -T align.sorted -m 5G -@ 24 756.bam
/home/ross/software/samtools-1.3/samtools index 756.86k.sort.bam

freebayes-parallel <(fasta_generate_regions.py /media/sg3/ptaeda/bowtie/Pita.86ktxptome.fa.fai 100000) 24 -iXuJK -f /media/sg3/ptaeda/bowtie/Pita.86ktxptome.fa 756.86k.sort.bam > 756.86k.vcf

vcftools --vcf 756.86k.vcf --relatedness2

####TRying to fix 756
/home/ross/software/samtools-1.3/samtools cat -o 1.norg.bam /media/sg3/East.West/86k.EW/bamfilesrep1/83.bam.fq.gz.rep1.bam.sort.bam /media/sg3/East.West/86k.EW/bamfilesrep2/83.bam.fq.gz.rep2.bam.sort.bam /media/sg3/East.West/86k.EW/bamfilesrep3/83.bam.fq.gz.rep3.bam.sort.bam 

/home/ross/software/samtools-1.3/samtools cat -o 2.norg.bam /media/sg3/East.West/86k.EW/bamfilesrep1/84.bam.fq.gz.rep1.bam.sort.bam /media/sg3/East.West/86k.EW/bamfilesrep2/84.bam.fq.gz.rep2.bam.sort.bam /media/sg3/East.West/86k.EW/bamfilesrep3/84.bam.fq.gz.rep3.bam.sort.bam 

/home/ross/software/samtools-1.3/samtools cat -o 3.norg.bam /media/sg3/East.West/86k.EW/bamfilesrep1/85.bam.fq.gz.rep1.bam.sort.bam /media/sg3/East.West/86k.EW/bamfilesrep2/85.bam.fq.gz.rep2.bam.sort.bam /media/sg3/East.West/86k.EW/bamfilesrep3/85.bam.fq.gz.rep3.bam.sort.bam

/home/ross/software/bamaddrg/bamaddrg -b 1.norg.bam -s 1.rg > 1.wrg.bam
/home/ross/software/bamaddrg/bamaddrg -b 2.norg.bam -s 2.rg > 2.wrg.bam
/home/ross/software/bamaddrg/bamaddrg -b 3.norg.bam -s 3.rg > 3.wrg.bam
/home/ross/software/samtools-1.3/samtools merge -o all.rg.bam 1.wrg.bam 2.wrg.bam 3.wrg.bam

/home/ross/software/samtools-1.3/samtools sort -o 756.86k.sort.bam -T align.sorted -m 5G -@ 24 all.norg.bam
/home/ross/software/samtools-1.3/samtools index 756.86k.sort.bam
freebayes-parallel <(fasta_generate_regions.py /media/sg3/ptaeda/bowtie/Pita.86ktxptome.fa.fai 100000) 23 -iXuJK -n 3 -f /media/sg3/ptaeda/bowtie/Pita.86ktxptome.fa 756.86k.sort.bam > 756.86k.vcf

vcftools --vcf 756.86k.vcf --relatedness2
#######
TRing to fix 756

/home/ross/software/bowtie2-2.2.1/bowtie2 -p 6 -x Pita.86ktxptome -U /media/seagate/East.West/filt.trim.rep1/done/83_S80.fq.gz | \samtools view -Sb - -o 83.rep1.bam
/home/ross/software/bowtie2-2.2.1/bowtie2 -p 6 -x Pita.86ktxptome -U /media/seagate/East.West/filt.trim.rep2/83_S80.fq.gz | \samtools view -Sb - -o 83.rep2.bam
/home/ross/software/bowtie2-2.2.1/bowtie2 -p 6 -x Pita.86ktxptome -U /media/seagate/East.West/filt.trim.rep3/83_S80.fq.gz | \samtools view -Sb - -o 83.rep3.bam
/home/ross/software/samtools-1.3/samtools cat -o 1.norg.bam 83.rep1.bam 83.rep2.bam 83.rep3.bam

/home/ross/software/bowtie2-2.2.1/bowtie2 -p 6 -x Pita.86ktxptome -U /media/seagate/East.West/filt.trim.rep1/done/84_S29.fq.gz | \samtools view -Sb - -o 84.rep1.bam
/home/ross/software/bowtie2-2.2.1/bowtie2 -p 6 -x Pita.86ktxptome -U /media/seagate/East.West/filt.trim.rep2/84_S29.fq.gz | \samtools view -Sb - -o 84.rep2.bam
/home/ross/software/bowtie2-2.2.1/bowtie2 -p 6 -x Pita.86ktxptome -U /media/seagate/East.West/filt.trim.rep3/84_S29.fq.gz | \samtools view -Sb - -o 84.rep3.bam
/home/ross/software/samtools-1.3/samtools cat -o 2.norg.bam 84.rep1.bam 84.rep2.bam 84.rep3.bam

/home/ross/software/bowtie2-2.2.1/bowtie2 -p 6 -x Pita.86ktxptome -U /media/seagate/East.West/filt.trim.rep1/done/85_S75.fq.gz | \samtools view -Sb - -o 85.rep1.bam
/home/ross/software/bowtie2-2.2.1/bowtie2 -p 6 -x Pita.86ktxptome -U /media/seagate/East.West/filt.trim.rep2/85_S75.fq.gz | \samtools view -Sb - -o 85.rep2.bam
/home/ross/software/bowtie2-2.2.1/bowtie2 -p 6 -x Pita.86ktxptome -U /media/seagate/East.West/filt.trim.rep3/85_S27.fq.gz | \samtools view -Sb - -o 85.rep3.bam
/home/ross/software/samtools-1.3/samtools cat -o 3.norg.bam 85.rep1.bam 85.rep2.bam 85.rep3.bam

####
/home/ross/software/bamaddrg/bamaddrg -b 1.norg.bam -s 1.rg > 1.wrg.bam
/home/ross/software/bamaddrg/bamaddrg -b 2.norg.bam -s 2.rg > 2.wrg.bam
/home/ross/software/bamaddrg/bamaddrg -b 3.norg.bam -s 3.rg > 3.wrg.bam
/home/ross/software/samtools-1.3/samtools merge -@ 20 all.wrg.bam 1.wrg.bam 2.wrg.bam 3.wrg.bam
/home/ross/software/samtools-1.3/samtools sort -@ 20 -o 756.86k.sort.bam -T align.sorted -m 5G all.wrg.bam
/home/ross/software/samtools-1.3/samtools index 756.86k.sort.bam
freebayes --pooled-discrete --pooled-continuous --no-indels --no-mnps --no-complex --use-best-n-alleles 3 -f /media/sg3/ptaeda/bowtie/Pita.86ktxptome.fa --bam 756.86k.sort.bam > 756.86k.vcf
vcftools --vcf 756.86k.vcf --relatedness


########### 
bgzip 96.86k.nop.vcf


#####Creating relationship matrix from technical reps of biological rep subset that shows poor relationship in E.W. freebayes SNP calling.
-Starting from intial fastqz files which were unpacked from lane tar files.

#Subset ids which are needed to be included in matrix: biological reps 68-85
file is in /media/seagate2/LGEP/E.W.lane.tarfiles/lane.ids/bad.rel.ids

# Use those files of ids to execute bbduk pipeline to left-clip first ten bases, filter adapters, and quality-trim to Phred20 in a bash loop:
while read id; do /home/ross/software/bbmap/bbduk.sh -Xmx15g in=${id} out=bad.filt.trim/${id} ref=/home/ross/software/bbmap/resources/truseq.fa.gz forcetrimleft=10 ktrim=r k=25 mink=12 hdist=1 qtrim=rl trimq=20 minlength=50; done < /media/seagate2/LGEP/E.W.lane.tarfiles/lane.ids/bad.rel.ids

# Take filtered and trimmed files and align to 86k txptome, then pass output to samtools and create bam file
while read id; do /home/ross/software/bowtie2-2.2.1/bowtie2 -p 3 -x Pita.86ktxptome -U lane12/${id} | \samtools view -Sb - -o ${id}.bam; done < /media/seagate2/LGEP/E.W.lane.tarfiles/bad.filt.trim/lane12/lane12

#Add read group to each of the bam files
while read file; do /home/ross/software/bamaddrg/bamaddrg -b ${file}.bam -s $file > w.rg/${file}.bam; done < bad.samp.list

#Merge the technical rep bam files with read groups

#Sort the final merged tehcnical rep bam file

#Then run freebayes and vcftools to look at relationship among technical reps

alias freebayes-parallel=/home/ross/software/freebayes/scripts/freebayes-parallel
alias fasta_generate_regions.py=/home/ross/software/freebayes/scripts/fasta_generate_regions.py
export PATH=$PATH:/home/ross/software/freebayes/vcflib/bin

freebayes-parallel <(fasta_generate_regions.py /media/sg3/ptaeda/bowtie/Pita.86ktxptome.fa.fai 100000) 20 -iXu -f /media/sg3/ptaeda/bowtie/Pita.86ktxptome.fa out.sort.bam > out.nop.vcf

freebayes-parallel <(fasta_generate_regions.py /media/sg3/ptaeda/bowtie/Pita.86ktxptome.fa.fai 100000) 20 -iXuJK -p 30 -n 4 -f /media/sg3/ptaeda/bowtie/Pita.86ktxptome.fa rmdup.sort.bam > rmdup.p.vcf

freebayes-parallel <(fasta_generate_regions.py /media/sg3/ptaeda/bowtie/Pita.86ktxptome.fa.fai 100000) 20 -iXu -f /media/sg3/ptaeda/bowtie/Pita.86ktxptome.fa rmdup.sort.bam > rmdup.p.vcf

############################
#Merging the full vcf file of bad reps from EW (no duplicates removed) with the full LGEP
vcf-merge 144.86k.nop.vcf.gz /media/seagate2/LGEP/E.W.lane.tarfiles/bad.filt.trim/w.rg/out.nop.vcf.gz  | bgzip -c > LGEP.badrep.vcf.gz

#Creating relationship matrix using --relatedness2
vcftools --relatedness2 --out LGEP.bad.samples --gzvcf LGEP.badrep.vcf.gz

#Creating relationship matrix using --relatedness
vcftools --relatedness --out LGEP.bad.samples.yang --gzvcf LGEP.badrep.vcf.gz


#Merging the  vcf file of bad reps from EW (with duplicates removed) with the LGEP (duplicates removed)
bgzip rmdup.nop.vcf
tabix rmdup.nop.vcf.gz
cd /media/sg3/LGEP/86k.LGEP
tabix 144.86k.rmdup.nop.vcf.gz

arfesta@fairfax:/media/sg3/LGEP/86k.LGEP$

vcf-merge 144.86k.rmdup.nop.vcf.gz /media/seagate2/LGEP/E.W.lane.tarfiles/bad.filt.trim/w.rg/rmdup.nop.vcf.gz  | bgzip -c > LGEP.rmdup.badrep.vcf.gz

###########################
#Merging EW & LGEP VCF file (both with duplicates removed)
/media/sg3/East.West/86k.EW/combined.bam/w.rg/merged.bams
vcf-merge /media/sg3/LGEP/86k.LGEP/144.86k.rmdup.nop.vcf.gz 96.86k.nop.rmdup.vcf.gz  | bgzip -c > 240.86k.nop.rmdup.vcf.gz

moved output to /media/sg3/LGEP/86k.LGEP

calling snps:
vcftools --relatedness2 --out 240samples --gzvcf 240.86k.nop.rmdup.vcf.gz

vcftools --relatedness --out 240samples.rmdup.yang --gzvcf 240.86k.nop.rmdup.vcf.gz



vcf-merge 144.86k.rmdup.nop.vcf.gz /media/seagate2/LGEP/E.W.lane.tarfiles/bad.filt.trim/w.rg/rmdup.nop.vcf.gz  | bgzip -c > LGEP.rmdup.badrep.vcf.gz

vcftools --relatedness2 --out LGEP.EWbadreps.rmdup --gzvcf LGEP.rmdup.badrep.vcf.gz

vcftools --relatedness --out LGEP.EWbadreps.rmdup.yang --gzvcf LGEP.rmdup.badrep.vcf.gz


freebayes-parallel <(fasta_generate_regions.py /media/sg3/ptaeda/bowtie/Pita.86ktxptome.fa.fai 100000) 20 -iXuJ --populations population.txt -O -p 30 -n 4 -f /media/sg3/ptaeda/bowtie/Pita.86ktxptome.fa -b  96.86k.sort.rmdup.bam -v 96.86k.sort.rmdup.pooled.vcf


